// Jest Snapshot v1, https://goo.gl/fbAQLP

exports[`EntriesSummary Snapshot: EntriesSummary component Should always render same component 1`] = `
<div>
  <br />
  <ul>
    <li>
      -12
       
      My description
       
      Salary
    </li>
    <li>
      2
       
      My description
       
      Food
    </li>
    <li>
      7
       
      My description
       
      Food
    </li>
    <li>
      -12
       
      My description
       
      Salary
    </li>
  </ul>
  <br />
  <div>
    Total: 
    15
  </div>
</div>
`;
