// Jest Snapshot v1, https://goo.gl/fbAQLP

exports[`Renders CategorySelector component properly 1`] = `
<div
  className="category-search-select"
>
  <div
    aria-expanded={false}
    aria-haspopup="listbox"
    aria-labelledby="category-selector-label"
    className="form-control category-search-select__trigger"
    id="category-selector"
    onClick={[Function]}
    onKeyDown={[Function]}
    role="combobox"
    tabIndex={0}
  >
    <span
      className="category-search-select__value"
    >
      All CategorySelector
    </span>
  </div>
</div>
`;
